/home/dqy/miniconda3/envs/aeroplanax/lib/python3.10/site-packages/orbax/checkpoint/_src/serialization/jax_array_handlers.py:711: UserWarning: Sharding info not provided when restoring. Populating sharding info from sharding file. Please note restoration time will be slightly increased due to reading from file. Note also that this option is unsafe when restoring on a different topology than the checkpoint was saved with.
  warnings.warn(
============================================================
Checkpoint A/B Comparison — Waypoint Tracking
============================================================

Loading checkpoint A: baseline_θ24.88
  Loaded epoch=1000: /home/dqy/aeroplanax/new/20251215最新代码库/results/baseline（四元数版本）/checkpoints/checkpoint_epoch_1000

Loading checkpoint B: autotuned_θ20.65
  Loaded epoch=1350: /home/dqy/aeroplanax/new/20251215最新代码库/Planax/results/heading_pitch_V_discrete_rnn_2026-03-20-19-38/checkpoints/checkpoint_epoch_1350

============================================================
Running baseline_θ24.88  (20 waypoints × 250 steps)

   Step |  WP | Name                   |  theta° |    dVt |    alt | settled
  ------------------------------------------------------------------------
    250 |   0 | WP00_H+15              |     1.3° |    6.5 |   7617 | YES 4.0s
    500 |   1 | WP01_H-15              |     1.3° |    2.2 |   7836 | YES 0.8s
    750 |   2 | WP02_P+8               |     1.0° |    5.2 |   8674 | YES 2.2s
   1000 |   3 | WP03_P-8               |     1.2° |   49.8 |   7298 | YES 0.6s
   1250 |   4 | WP04_H+30_P+10         |     1.4° |    4.9 |   7698 | YES 14.0s
   1500 |   5 | WP05_H-30_P-10         |   104.9° |   75.4 |   9721 | NO
   1750 |   6 | WP06_R+30              |   125.1° |   32.7 |   5168 | NO
   2000 |   7 | WP07_R-45              |   105.6° |   17.8 |   4479 | NO
   2250 |   8 | WP08_H+60_P+20         |     1.1° |   19.7 |  13036 | YES 8.4s
   2500 |   9 | WP09_H-60_P-20         |   159.6° |   89.8 |  11173 | NO
   2750 |  10 | WP10_R+90              |   106.4° |  154.8 |  14206 | NO
   3000 |  11 | WP11_combo_L2          |     2.7° |   97.6 |  14815 | YES 17.4s
   3250 |  12 | WP12_H+90_P+30         |   112.9° |   29.8 |   7669 | NO
   3500 |  13 | WP13_R+135             |    77.0° |   93.2 |  12608 | NO
   3750 |  14 | WP14_combo_L3          |     1.6° |    2.9 |   7953 | YES 33.6s
   4000 |  15 | WP15_H-90_P-30         |   163.7° |   13.5 |   6267 | NO
   4250 |  16 | WP16_H+120_P+45        |     1.4° |   46.4 |  14960 | YES 1.6s
   4500 |  17 | WP17_R+180             |     0.9° |   12.7 |   9538 | YES 32.6s
   4750 |  18 | WP18_combo_L4          |     4.6° |  116.4 |  16941 | YES 29.8s
   5000 |  19 | WP19_full              |    15.7° |   79.7 |   5988 | YES 34.4s
  Finished in 1572.3s

============================================================
Running autotuned_θ20.65  (20 waypoints × 250 steps)

   Step |  WP | Name                   |  theta° |    dVt |    alt | settled
  ------------------------------------------------------------------------
    250 |   0 | WP00_H+15              |     2.8° |    6.4 |   7625 | YES 1.0s
    500 |   1 | WP01_H-15              |     2.6° |    5.6 |   7870 | YES 0.8s
    750 |   2 | WP02_P+8               |     2.0° |    3.4 |   8512 | YES 6.2s
   1000 |   3 | WP03_P-8               |     5.1° |   54.4 |   6912 | YES 0.6s
   1250 |   4 | WP04_H+30_P+10         |     2.2° |    3.4 |   7703 | YES 3.6s
   1500 |   5 | WP05_H-30_P-10         |     3.9° |   42.0 |   7407 | YES 6.2s
   1750 |   6 | WP06_R+30              |     1.8° |    5.3 |   7043 | YES 3.6s
   2000 |   7 | WP07_R-45              |     7.2° |   19.7 |   5786 | YES 0.6s
   2250 |   8 | WP08_H+60_P+20         |     4.7° |   71.0 |  13516 | YES 11.6s
   2500 |   9 | WP09_H-60_P-20         |   166.0° |  138.5 |   7895 | NO
   2750 |  10 | WP10_R+90              |     3.5° |    8.7 |   4134 | YES 4.6s
   3000 |  11 | WP11_combo_L2          |     2.6° |    6.3 |   6751 | YES 28.0s
   3250 |  12 | WP12_H+90_P+30         |     3.6° |    8.3 |  11633 | YES 8.6s
   3500 |  13 | WP13_R+135             |   171.7° |   59.3 |  10679 | NO
   3750 |  14 | WP14_combo_L3          |     2.2° |    9.2 |  11132 | YES 20.2s
   4000 |  15 | WP15_H-90_P-30         |   159.1° |    9.0 |   5108 | YES 14.2s
   4250 |  16 | WP16_H+120_P+45        |     2.8° |   10.5 |  13135 | YES 2.8s
   4500 |  17 | WP17_R+180             |   151.4° |   23.9 |  10968 | NO
   4750 |  18 | WP18_combo_L4          |    50.8° |   16.2 |   5167 | YES 5.8s
   5000 |  19 | WP19_full              |   105.4° |   16.2 |   5247 | YES 12.6s
  Finished in 1635.8s

Raw metrics → /home/dqy/aeroplanax/new/20251215最新代码库/RL_autotuner/comparison_results/

Saved 8 plots to /home/dqy/aeroplanax/new/20251215最新代码库/RL_autotuner/comparison_results/

========================================================================================
WP Name                   Settle_A  Settle_B     SS_A     SS_B Winner
----------------------------------------------------------------------------------------
H+15                          4.0s      1.0s     1.3°     2.8° A
H-15                          0.8s      0.8s     1.3°     2.6° A
P+8                           2.2s      6.2s     1.0°     2.0° A
P-8                           0.6s      0.6s     1.2°     5.1° A
H+30_P+10                    14.0s      3.6s     1.4°     2.2° A
H-30_P-10                    50.0s      6.2s   104.9°     3.9° B
R+30                         50.0s      3.6s   125.1°     1.8° B
R-45                         50.0s      0.6s   105.6°     7.2° B
H+60_P+20                     8.4s     11.6s     1.1°     4.7° A
H-60_P-20                    50.0s     50.0s   159.6°   166.0° A
R+90                         50.0s      4.6s   106.4°     3.5° B
combo_L2                     17.4s     28.0s     2.7°     2.6° B
H+90_P+30                    50.0s      8.6s   112.9°     3.6° B
R+135                        50.0s     50.0s    77.0°   171.7° A
combo_L3                     33.6s     20.2s     1.6°     2.2° A
H-90_P-30                    50.0s     14.2s   163.7°   159.1° B
H+120_P+45                    1.6s      2.8s     1.4°     2.8° A
R+180                        32.6s     50.0s     0.9°   151.4° A
combo_L4                     29.8s      5.8s     4.6°    50.8° A
full                         34.4s     12.6s    15.7°   105.4° A
========================================================================================

Overall mean theta:   baseline_θ24.88=68.99°   autotuned_θ20.65=42.43°
Overall mean delta_vt:baseline_θ24.88=60.2   autotuned_θ20.65=45.2

★  Overall winner: autotuned_θ20.65

ACMI files → /home/dqy/aeroplanax/new/20251215最新代码库/RL_autotuner/comparison_results/acmi/
  (Open either .acmi in TacView: Yellow marker = target attitude, Red = aircraft)
Done.
